2026-09-20 10:20:45,725 - data_preprocessing - DEBUG - Data loaded properly
2026-09-20 10:20:45,726 - data_preprocessing - DEBUG - Starting preprocessing for DataFrame
2026-09-20 10:20:45,734 - data_preprocessing - DEBUG - Target column encoded
2026-09-20 10:20:45,750 - data_preprocessing - DEBUG - Duplicates removed
2026-09-20 10:20:45,763 - data_preprocessing - ERROR - Error during text normalization: 
**********************************************************************
  Resource 'punkt_tab' not found.
  Please use the NLTK Downloader to obtain the resource:

  >>> import nltk
  >>> nltk.download('punkt_tab')

  For more information see: https://www.nltk.org/data.html

  Attempted to load 'tokenizers/punkt_tab/english/'

  Searched in:
    - 'C:\\Users\\sadek/nltk_data'
    - 'C:\\Users\\sadek\\AppData\\Local\\Python\\pythoncore-3.14-64\\nltk_data'
    - 'C:\\Users\\sadek\\AppData\\Local\\Python\\pythoncore-3.14-64\\share\\nltk_data'
    - 'C:\\Users\\sadek\\AppData\\Local\\Python\\pythoncore-3.14-64\\lib\\nltk_data'
    - 'C:\\Users\\sadek\\AppData\\Roaming\\nltk_data'
    - 'C:\\nltk_data'
    - 'D:\\nltk_data'
    - 'E:\\nltk_data'
**********************************************************************

2026-09-20 10:20:45,776 - data_preprocessing - ERROR - Failed to complete the data transformation process: 
**********************************************************************
  Resource 'punkt_tab' not found.
  Please use the NLTK Downloader to obtain the resource:

  >>> import nltk
  >>> nltk.download('punkt_tab')

  For more information see: https://www.nltk.org/data.html

  Attempted to load 'tokenizers/punkt_tab/english/'

  Searched in:
    - 'C:\\Users\\sadek/nltk_data'
    - 'C:\\Users\\sadek\\AppData\\Local\\Python\\pythoncore-3.14-64\\nltk_data'
    - 'C:\\Users\\sadek\\AppData\\Local\\Python\\pythoncore-3.14-64\\share\\nltk_data'
    - 'C:\\Users\\sadek\\AppData\\Local\\Python\\pythoncore-3.14-64\\lib\\nltk_data'
    - 'C:\\Users\\sadek\\AppData\\Roaming\\nltk_data'
    - 'C:\\nltk_data'
    - 'D:\\nltk_data'
    - 'E:\\nltk_data'
**********************************************************************

2026-09-21 08:51:26,286 - data_preprocessing - DEBUG - Data loaded properly
2026-09-21 08:51:26,288 - data_preprocessing - DEBUG - Starting preprocessing for DataFrame
2026-09-21 08:51:26,296 - data_preprocessing - DEBUG - Target column encoded
2026-09-21 08:51:26,312 - data_preprocessing - DEBUG - Duplicates removed
2026-09-21 08:51:26,325 - data_preprocessing - ERROR - Error during text normalization: 
**********************************************************************
  Resource 'punkt_tab' not found.
  Please use the NLTK Downloader to obtain the resource:

  >>> import nltk
  >>> nltk.download('punkt_tab')

  For more information see: https://www.nltk.org/data.html

  Attempted to load 'tokenizers/punkt_tab/english/'

  Searched in:
    - 'C:\\Users\\sadek/nltk_data'
    - 'C:\\Users\\sadek\\AppData\\Local\\Python\\pythoncore-3.14-64\\nltk_data'
    - 'C:\\Users\\sadek\\AppData\\Local\\Python\\pythoncore-3.14-64\\share\\nltk_data'
    - 'C:\\Users\\sadek\\AppData\\Local\\Python\\pythoncore-3.14-64\\lib\\nltk_data'
    - 'C:\\Users\\sadek\\AppData\\Roaming\\nltk_data'
    - 'C:\\nltk_data'
    - 'D:\\nltk_data'
    - 'E:\\nltk_data'
**********************************************************************

2026-09-21 08:51:26,325 - data_preprocessing - ERROR - Failed to complete the data transformation process: 
**********************************************************************
  Resource 'punkt_tab' not found.
  Please use the NLTK Downloader to obtain the resource:

  >>> import nltk
  >>> nltk.download('punkt_tab')

  For more information see: https://www.nltk.org/data.html

  Attempted to load 'tokenizers/punkt_tab/english/'

  Searched in:
    - 'C:\\Users\\sadek/nltk_data'
    - 'C:\\Users\\sadek\\AppData\\Local\\Python\\pythoncore-3.14-64\\nltk_data'
    - 'C:\\Users\\sadek\\AppData\\Local\\Python\\pythoncore-3.14-64\\share\\nltk_data'
    - 'C:\\Users\\sadek\\AppData\\Local\\Python\\pythoncore-3.14-64\\lib\\nltk_data'
    - 'C:\\Users\\sadek\\AppData\\Roaming\\nltk_data'
    - 'C:\\nltk_data'
    - 'D:\\nltk_data'
    - 'E:\\nltk_data'
**********************************************************************

2026-09-21 08:52:56,618 - data_preprocessing - DEBUG - Data loaded properly
2026-09-21 08:52:56,619 - data_preprocessing - DEBUG - Starting preprocessing for DataFrame
2026-09-21 08:52:56,623 - data_preprocessing - DEBUG - Target column encoded
2026-09-21 08:52:56,632 - data_preprocessing - DEBUG - Duplicates removed
2026-09-21 08:54:35,174 - data_preprocessing - DEBUG - Text column transformed
2026-09-21 08:54:35,174 - data_preprocessing - DEBUG - Starting preprocessing for DataFrame
2026-09-21 08:54:35,176 - data_preprocessing - DEBUG - Target column encoded
2026-09-21 08:54:35,178 - data_preprocessing - DEBUG - Duplicates removed
2026-09-21 08:55:01,233 - data_preprocessing - DEBUG - Text column transformed
2026-09-21 08:55:01,264 - data_preprocessing - DEBUG - Processed data saved to ./data\interim
